This is pdfTeX, Version 3.141592653-2.6-1.40.25 (TeX Live 2023/Debian) (preloaded format=pdflatex)
 restricted \write18 enabled.
entering extended mode
(./multilevel_lts_fr.tex
LaTeX2e <2023-11-01> patch level 1
L3 programming layer <2024-01-22>
(/usr/share/texlive/texmf-dist/tex/latex/base/article.cls
Document Class: article 2023/05/17 v1.4n Standard LaTeX document class
(/usr/share/texlive/texmf-dist/tex/latex/base/size11.clo))
(/usr/share/texlive/texmf-dist/tex/generic/babel/babel.sty
(/usr/share/texlive/texmf-dist/tex/generic/babel/txtbabel.def)
(/usr/share/texlive/texmf-dist/tex/generic/babel-french/french.ldf))
(/usr/share/texlive/texmf-dist/tex/generic/babel/locale/fr/babel-french.tex)
(/usr/share/texlive/texmf-dist/tex/latex/carlisle/scalefnt.sty)
(/usr/share/texlive/texmf-dist/tex/latex/graphics/keyval.sty)
(/usr/share/texlive/texmf-dist/tex/latex/base/inputenc.sty)
(/usr/share/texlive/texmf-dist/tex/latex/base/fontenc.sty)
(/usr/share/texlive/texmf-dist/tex/latex/amsmath/amsmath.sty
For additional information on amsmath, use the `?' option.
(/usr/share/texlive/texmf-dist/tex/latex/amsmath/amstext.sty
(/usr/share/texlive/texmf-dist/tex/latex/amsmath/amsgen.sty))
(/usr/share/texlive/texmf-dist/tex/latex/amsmath/amsbsy.sty)
(/usr/share/texlive/texmf-dist/tex/latex/amsmath/amsopn.sty))
(/usr/share/texlive/texmf-dist/tex/latex/amsfonts/amssymb.sty
(/usr/share/texlive/texmf-dist/tex/latex/amsfonts/amsfonts.sty))
(/usr/share/texlive/texmf-dist/tex/latex/amscls/amsthm.sty)
(/usr/share/texlive/texmf-dist/tex/latex/geometry/geometry.sty
(/usr/share/texlive/texmf-dist/tex/generic/iftex/ifvtex.sty
(/usr/share/texlive/texmf-dist/tex/generic/iftex/iftex.sty)))
(/usr/share/texlive/texmf-dist/tex/latex/hyperref/hyperref.sty
(/usr/share/texlive/texmf-dist/tex/latex/kvsetkeys/kvsetkeys.sty)
(/usr/share/texlive/texmf-dist/tex/generic/kvdefinekeys/kvdefinekeys.sty)
(/usr/share/texlive/texmf-dist/tex/generic/pdfescape/pdfescape.sty
(/usr/share/texlive/texmf-dist/tex/generic/ltxcmds/ltxcmds.sty)
(/usr/share/texlive/texmf-dist/tex/generic/pdftexcmds/pdftexcmds.sty
(/usr/share/texlive/texmf-dist/tex/generic/infwarerr/infwarerr.sty)))
(/usr/share/texlive/texmf-dist/tex/latex/hycolor/hycolor.sty)
(/usr/share/texlive/texmf-dist/tex/latex/auxhook/auxhook.sty)
(/usr/share/texlive/texmf-dist/tex/latex/hyperref/nameref.sty
(/usr/share/texlive/texmf-dist/tex/latex/refcount/refcount.sty)
(/usr/share/texlive/texmf-dist/tex/generic/gettitlestring/gettitlestring.sty
(/usr/share/texlive/texmf-dist/tex/latex/kvoptions/kvoptions.sty)))
(/usr/share/texlive/texmf-dist/tex/latex/etoolbox/etoolbox.sty)
(/usr/share/texlive/texmf-dist/tex/latex/hyperref/pd1enc.def)
(/usr/share/texlive/texmf-dist/tex/generic/intcalc/intcalc.sty)
(/usr/share/texlive/texmf-dist/tex/latex/hyperref/puenc.def)
(/usr/share/texlive/texmf-dist/tex/latex/url/url.sty)
(/usr/share/texlive/texmf-dist/tex/generic/bitset/bitset.sty
(/usr/share/texlive/texmf-dist/tex/generic/bigintcalc/bigintcalc.sty))
(/usr/share/texlive/texmf-dist/tex/latex/base/atbegshi-ltx.sty))
(/usr/share/texlive/texmf-dist/tex/latex/hyperref/hpdftex.def
(/usr/share/texlive/texmf-dist/tex/latex/base/atveryend-ltx.sty)
(/usr/share/texlive/texmf-dist/tex/latex/rerunfilecheck/rerunfilecheck.sty
(/usr/share/texlive/texmf-dist/tex/generic/uniquecounter/uniquecounter.sty)))
(/usr/share/texlive/texmf-dist/tex/latex/listings/listings.sty
(/usr/share/texlive/texmf-dist/tex/latex/listings/lstmisc.sty)
(/usr/share/texlive/texmf-dist/tex/latex/listings/listings.cfg))
(/usr/share/texlive/texmf-dist/tex/latex/xcolor/xcolor.sty
(/usr/share/texlive/texmf-dist/tex/latex/graphics-cfg/color.cfg)
(/usr/share/texlive/texmf-dist/tex/latex/graphics-def/pdftex.def)
(/usr/share/texlive/texmf-dist/tex/latex/graphics/mathcolor.ltx))
(/usr/share/texlive/texmf-dist/tex/latex/booktabs/booktabs.sty)
(/usr/share/texlive/texmf-dist/tex/latex/l3backend/l3backend-pdftex.def)
No file multilevel_lts_fr.aux.
*geometry* driver: auto-detecting
*geometry* detected driver: pdftex
(/usr/share/texlive/texmf-dist/tex/context/base/mkii/supp-pdf.mkii
[Loading MPS to PDF converter (version 2006.09.02).]
) (/usr/share/texlive/texmf-dist/tex/latex/amsfonts/umsa.fd)
(/usr/share/texlive/texmf-dist/tex/latex/amsfonts/umsb.fd)
(/usr/share/texlive/texmf-dist/tex/latex/base/t1cmtt.fd)
No file multilevel_lts_fr.toc.

LaTeX Warning: Reference `sec:histogram' on page 1 undefined on input line 80.

[1{/var/lib/texmf/fonts/map/pdftex/updmap/pdftex.map}{/usr/share/texmf/fonts/en
c/dvips/cm-super/cm-super-t1.enc}]

LaTeX Warning: Reference `sec:instability' on page 2 undefined on input line 94
.


Overfull \hbox (0.66872pt too wide) in paragraph at lines 100--111
\T1/cmtt/m/n/10.95 erk_coupling_hho_scheme.hpp \T1/cmr/m/n/10.95 (\T1/cmtt/m/n/
10.95 build_LTS_subspaces \T1/cmr/m/n/10.95 + \T1/cmtt/m/n/10.95 erk_weight_LTS
_coarse_restricted

Overfull \hbox (2.08826pt too wide) in paragraph at lines 125--134
[]\T1/cmr/m/n/10.95 Dans \T1/cmtt/m/n/10.95 compute_w_restricted\T1/cmr/m/n/10.
95 , la

LaTeX Warning: Reference `sec:v2' on page 2 undefined on input line 142.


Overfull \hbox (0.3877pt too wide) in paragraph at lines 136--143
\T1/cmr/m/n/10.95 (\T1/cmtt/m/n/10.95 erk_weight_LTS_coarse\T1/cmr/m/n/10.95 /\
T1/cmtt/m/n/10.95 erk_weight_LTS_fine\T1/cmr/m/n/10.95 ) et res-tent donc fiabl
es. Par prin-cipe de moindre

Overfull \hbox (17.75508pt too wide) in paragraph at lines 144--144
[]\T1/cmr/bx/n/14.4 Nouvelles briques res-treintes (fi-chier \T1/cmtt/m/n/14.4 
erk_coupling_hho_scheme.hpp\T1/cmr/bx/n/14.4 ) 

Overfull \hbox (5.83801pt too wide) in paragraph at lines 149--155
[]\T1/cmr/m/n/10.95 Contrairement à \T1/cmtt/m/n/10.95 build_LTS_subspaces \T1/
cmr/m/n/10.95 (un seul jeu de sous-blocs co-ar-se/-fine, dans des membres
[2]

LaTeX Warning: Reference `sec:coarse' on page 3 undefined on input line 161.


LaTeX Warning: Reference `sec:fine' on page 3 undefined on input line 169.


Overfull \hbox (49.97661pt too wide) in paragraph at lines 166--170
[]\T1/cmr/m/n/10.95 Chaque \T1/cmtt/m/n/10.95 LTS_subblock_set \T1/cmr/m/n/10.9
5 stocke \T1/cmr/m/it/10.95 deux \T1/cmr/m/n/10.95 jeux de sous-matrices res-tr
eintes : \T1/cmtt/m/n/10.95 Kcc/Kcf/Kfc/Mc_inv/Sff_inv

Overfull \hbox (13.38242pt too wide) in paragraph at lines 174--184
\OML/cmm/m/it/10.95 B[]y[]$ \T1/cmr/m/n/10.95 et $\OML/cmm/m/it/10.95 B[]F[]$ \
T1/cmr/m/n/10.95 (non mas-quées, uti-li-sant le halo pour res-ter exactes), pui
s mas-quage \T1/cmr/m/it/10.95 fi-nal \T1/cmr/m/n/10.95 à \T1/cmtt/m/n/10.95 ow
n_c/own_f

LaTeX Warning: Reference `sec:mlts' on page 3 undefined on input line 188.


LaTeX Warning: Reference `sec:validation' on page 3 undefined on input line 222
.

[3]

Package hyperref Warning: Token not allowed in a PDF string (Unicode):
(hyperref)                removing `math shift' on input line 224.


Package hyperref Warning: Token not allowed in a PDF string (Unicode):
(hyperref)                removing `math shift' on input line 224.


LaTeX Warning: Reference `sec:mlts' on page 4 undefined on input line 284.


LaTeX Warning: Reference `sec:validation' on page 4 undefined on input line 295
.

[4]

LaTeX Warning: Reference `sec:validation' on page 5 undefined on input line 307
.


Package hyperref Warning: Token not allowed in a PDF string (Unicode):
(hyperref)                removing `math shift' on input line 314.


Package hyperref Warning: Token not allowed in a PDF string (Unicode):
(hyperref)                removing `math shift' on input line 314.


Package hyperref Warning: Token not allowed in a PDF string (Unicode):
(hyperref)                removing `math shift' on input line 314.


Package hyperref Warning: Token not allowed in a PDF string (Unicode):
(hyperref)                removing `math shift' on input line 314.


Package hyperref Warning: Token not allowed in a PDF string (Unicode):
(hyperref)                removing `math shift' on input line 314.


Package hyperref Warning: Token not allowed in a PDF string (Unicode):
(hyperref)                removing `math shift' on input line 314.

[5] (./multilevel_lts_fr.aux)

LaTeX Warning: There were undefined references.


LaTeX Warning: Label(s) may have changed. Rerun to get cross-references right.


Package rerunfilecheck Warning: File `multilevel_lts_fr.out' has changed.
(rerunfilecheck)                Rerun to get outlines right
(rerunfilecheck)                or use package `bookmark'.

 )
(see the transcript file for additional information)</usr/share/texlive/texmf-d
ist/fonts/type1/public/amsfonts/cm/cmmi10.pfb></usr/share/texlive/texmf-dist/fo
nts/type1/public/amsfonts/cm/cmmi12.pfb></usr/share/texlive/texmf-dist/fonts/ty
pe1/public/amsfonts/cm/cmmi8.pfb></usr/share/texlive/texmf-dist/fonts/type1/pub
lic/amsfonts/cm/cmr10.pfb></usr/share/texlive/texmf-dist/fonts/type1/public/ams
fonts/cm/cmr12.pfb></usr/share/texlive/texmf-dist/fonts/type1/public/amsfonts/c
m/cmr6.pfb></usr/share/texlive/texmf-dist/fonts/type1/public/amsfonts/cm/cmr8.p
fb></usr/share/texlive/texmf-dist/fonts/type1/public/amsfonts/cm/cmsy10.pfb></u
sr/share/texlive/texmf-dist/fonts/type1/public/amsfonts/cm/cmsy8.pfb></usr/shar
e/texmf/fonts/type1/public/cm-super/sfbx1000.pfb></usr/share/texmf/fonts/type1/
public/cm-super/sfbx1095.pfb></usr/share/texmf/fonts/type1/public/cm-super/sfbx
1200.pfb></usr/share/texmf/fonts/type1/public/cm-super/sfbx1440.pfb></usr/share
/texmf/fonts/type1/public/cm-super/sfrm0800.pfb></usr/share/texmf/fonts/type1/p
ublic/cm-super/sfrm1000.pfb></usr/share/texmf/fonts/type1/public/cm-super/sfrm1
095.pfb></usr/share/texmf/fonts/type1/public/cm-super/sfrm1200.pfb></usr/share/
texmf/fonts/type1/public/cm-super/sfrm1728.pfb></usr/share/texmf/fonts/type1/pu
blic/cm-super/sfti1000.pfb></usr/share/texmf/fonts/type1/public/cm-super/sfti10
95.pfb></usr/share/texmf/fonts/type1/public/cm-super/sftt1000.pfb></usr/share/t
exmf/fonts/type1/public/cm-super/sftt1095.pfb></usr/share/texmf/fonts/type1/pub
lic/cm-super/sftt1200.pfb></usr/share/texmf/fonts/type1/public/cm-super/sftt144
0.pfb>
Output written on multilevel_lts_fr.pdf (5 pages, 436816 bytes).
Transcript written on multilevel_lts_fr.log.
This is pdfTeX, Version 3.141592653-2.6-1.40.25 (TeX Live 2023/Debian) (preloaded format=pdflatex)
 restricted \write18 enabled.
entering extended mode
(./multilevel_lts_fr.tex
LaTeX2e <2023-11-01> patch level 1
L3 programming layer <2024-01-22>
(/usr/share/texlive/texmf-dist/tex/latex/base/article.cls
Document Class: article 2023/05/17 v1.4n Standard LaTeX document class
(/usr/share/texlive/texmf-dist/tex/latex/base/size11.clo))
(/usr/share/texlive/texmf-dist/tex/generic/babel/babel.sty
(/usr/share/texlive/texmf-dist/tex/generic/babel/txtbabel.def)
(/usr/share/texlive/texmf-dist/tex/generic/babel-french/french.ldf))
(/usr/share/texlive/texmf-dist/tex/generic/babel/locale/fr/babel-french.tex)
(/usr/share/texlive/texmf-dist/tex/latex/carlisle/scalefnt.sty)
(/usr/share/texlive/texmf-dist/tex/latex/graphics/keyval.sty)
(/usr/share/texlive/texmf-dist/tex/latex/base/inputenc.sty)
(/usr/share/texlive/texmf-dist/tex/latex/base/fontenc.sty)
(/usr/share/texlive/texmf-dist/tex/latex/amsmath/amsmath.sty
For additional information on amsmath, use the `?' option.
(/usr/share/texlive/texmf-dist/tex/latex/amsmath/amstext.sty
(/usr/share/texlive/texmf-dist/tex/latex/amsmath/amsgen.sty))
(/usr/share/texlive/texmf-dist/tex/latex/amsmath/amsbsy.sty)
(/usr/share/texlive/texmf-dist/tex/latex/amsmath/amsopn.sty))
(/usr/share/texlive/texmf-dist/tex/latex/amsfonts/amssymb.sty
(/usr/share/texlive/texmf-dist/tex/latex/amsfonts/amsfonts.sty))
(/usr/share/texlive/texmf-dist/tex/latex/amscls/amsthm.sty)
(/usr/share/texlive/texmf-dist/tex/latex/geometry/geometry.sty
(/usr/share/texlive/texmf-dist/tex/generic/iftex/ifvtex.sty
(/usr/share/texlive/texmf-dist/tex/generic/iftex/iftex.sty)))
(/usr/share/texlive/texmf-dist/tex/latex/hyperref/hyperref.sty
(/usr/share/texlive/texmf-dist/tex/latex/kvsetkeys/kvsetkeys.sty)
(/usr/share/texlive/texmf-dist/tex/generic/kvdefinekeys/kvdefinekeys.sty)
(/usr/share/texlive/texmf-dist/tex/generic/pdfescape/pdfescape.sty
(/usr/share/texlive/texmf-dist/tex/generic/ltxcmds/ltxcmds.sty)
(/usr/share/texlive/texmf-dist/tex/generic/pdftexcmds/pdftexcmds.sty
(/usr/share/texlive/texmf-dist/tex/generic/infwarerr/infwarerr.sty)))
(/usr/share/texlive/texmf-dist/tex/latex/hycolor/hycolor.sty)
(/usr/share/texlive/texmf-dist/tex/latex/auxhook/auxhook.sty)
(/usr/share/texlive/texmf-dist/tex/latex/hyperref/nameref.sty
(/usr/share/texlive/texmf-dist/tex/latex/refcount/refcount.sty)
(/usr/share/texlive/texmf-dist/tex/generic/gettitlestring/gettitlestring.sty
(/usr/share/texlive/texmf-dist/tex/latex/kvoptions/kvoptions.sty)))
(/usr/share/texlive/texmf-dist/tex/latex/etoolbox/etoolbox.sty)
(/usr/share/texlive/texmf-dist/tex/latex/hyperref/pd1enc.def)
(/usr/share/texlive/texmf-dist/tex/generic/intcalc/intcalc.sty)
(/usr/share/texlive/texmf-dist/tex/latex/hyperref/puenc.def)
(/usr/share/texlive/texmf-dist/tex/latex/url/url.sty)
(/usr/share/texlive/texmf-dist/tex/generic/bitset/bitset.sty
(/usr/share/texlive/texmf-dist/tex/generic/bigintcalc/bigintcalc.sty))
(/usr/share/texlive/texmf-dist/tex/latex/base/atbegshi-ltx.sty))
(/usr/share/texlive/texmf-dist/tex/latex/hyperref/hpdftex.def
(/usr/share/texlive/texmf-dist/tex/latex/base/atveryend-ltx.sty)
(/usr/share/texlive/texmf-dist/tex/latex/rerunfilecheck/rerunfilecheck.sty
(/usr/share/texlive/texmf-dist/tex/generic/uniquecounter/uniquecounter.sty)))
(/usr/share/texlive/texmf-dist/tex/latex/listings/listings.sty
(/usr/share/texlive/texmf-dist/tex/latex/listings/lstmisc.sty)
(/usr/share/texlive/texmf-dist/tex/latex/listings/listings.cfg))
(/usr/share/texlive/texmf-dist/tex/latex/xcolor/xcolor.sty
(/usr/share/texlive/texmf-dist/tex/latex/graphics-cfg/color.cfg)
(/usr/share/texlive/texmf-dist/tex/latex/graphics-def/pdftex.def)
(/usr/share/texlive/texmf-dist/tex/latex/graphics/mathcolor.ltx))
(/usr/share/texlive/texmf-dist/tex/latex/booktabs/booktabs.sty)
(/usr/share/texlive/texmf-dist/tex/latex/l3backend/l3backend-pdftex.def)
(./multilevel_lts_fr.aux)
*geometry* driver: auto-detecting
*geometry* detected driver: pdftex
(./multilevel_lts_fr.out) (./multilevel_lts_fr.out)
(/usr/share/texlive/texmf-dist/tex/context/base/mkii/supp-pdf.mkii
[Loading MPS to PDF converter (version 2006.09.02).]
) (/usr/share/texlive/texmf-dist/tex/latex/amsfonts/umsa.fd)
(/usr/share/texlive/texmf-dist/tex/latex/amsfonts/umsb.fd)
(/usr/share/texlive/texmf-dist/tex/latex/base/t1cmtt.fd)
(./multilevel_lts_fr.toc) [1{/var/lib/texmf/fonts/map/pdftex/updmap/pdftex.map}
{/usr/share/texmf/fonts/enc/dvips/cm-super/cm-super-t1.enc}]
Overfull \hbox (0.66872pt too wide) in paragraph at lines 100--111
\T1/cmtt/m/n/10.95 erk_coupling_hho_scheme.hpp \T1/cmr/m/n/10.95 (\T1/cmtt/m/n/
10.95 build_LTS_subspaces \T1/cmr/m/n/10.95 + \T1/cmtt/m/n/10.95 erk_weight_LTS
_coarse_restricted
[2]
Overfull \hbox (2.08826pt too wide) in paragraph at lines 125--134
[]\T1/cmr/m/n/10.95 Dans \T1/cmtt/m/n/10.95 compute_w_restricted\T1/cmr/m/n/10.
95 , la

Overfull \hbox (0.3877pt too wide) in paragraph at lines 136--143
\T1/cmr/m/n/10.95 (\T1/cmtt/m/n/10.95 erk_weight_LTS_coarse\T1/cmr/m/n/10.95 /\
T1/cmtt/m/n/10.95 erk_weight_LTS_fine\T1/cmr/m/n/10.95 ) et res-tent donc fiabl
es. Par prin-cipe de moindre

Overfull \hbox (17.75508pt too wide) in paragraph at lines 144--144
[]\T1/cmr/bx/n/14.4 Nouvelles briques res-treintes (fi-chier \T1/cmtt/m/n/14.4 
erk_coupling_hho_scheme.hpp\T1/cmr/bx/n/14.4 ) 

Overfull \hbox (5.83801pt too wide) in paragraph at lines 149--155
[]\T1/cmr/m/n/10.95 Contrairement à \T1/cmtt/m/n/10.95 build_LTS_subspaces \T1/
cmr/m/n/10.95 (un seul jeu de sous-blocs co-ar-se/-fine, dans des membres

Overfull \hbox (49.97661pt too wide) in paragraph at lines 166--170
[]\T1/cmr/m/n/10.95 Chaque \T1/cmtt/m/n/10.95 LTS_subblock_set \T1/cmr/m/n/10.9
5 stocke \T1/cmr/m/it/10.95 deux \T1/cmr/m/n/10.95 jeux de sous-matrices res-tr
eintes : \T1/cmtt/m/n/10.95 Kcc/Kcf/Kfc/Mc_inv/Sff_inv

Overfull \hbox (13.38242pt too wide) in paragraph at lines 174--184
\OML/cmm/m/it/10.95 B[]y[]$ \T1/cmr/m/n/10.95 et $\OML/cmm/m/it/10.95 B[]F[]$ \
T1/cmr/m/n/10.95 (non mas-quées, uti-li-sant le halo pour res-ter exactes), pui
s mas-quage \T1/cmr/m/it/10.95 fi-nal \T1/cmr/m/n/10.95 à \T1/cmtt/m/n/10.95 ow
n_c/own_f
[3]

Package hyperref Warning: Token not allowed in a PDF string (Unicode):
(hyperref)                removing `math shift' on input line 224.


Package hyperref Warning: Token not allowed in a PDF string (Unicode):
(hyperref)                removing `math shift' on input line 224.

[4]

Package hyperref Warning: Token not allowed in a PDF string (Unicode):
(hyperref)                removing `math shift' on input line 314.


Package hyperref Warning: Token not allowed in a PDF string (Unicode):
(hyperref)                removing `math shift' on input line 314.


Package hyperref Warning: Token not allowed in a PDF string (Unicode):
(hyperref)                removing `math shift' on input line 314.


Package hyperref Warning: Token not allowed in a PDF string (Unicode):
(hyperref)                removing `math shift' on input line 314.


Package hyperref Warning: Token not allowed in a PDF string (Unicode):
(hyperref)                removing `math shift' on input line 314.


Package hyperref Warning: Token not allowed in a PDF string (Unicode):
(hyperref)                removing `math shift' on input line 314.

[5] [6] (./multilevel_lts_fr.aux)

LaTeX Warning: Label(s) may have changed. Rerun to get cross-references right.

 )
(see the transcript file for additional information)</usr/share/texlive/texmf-d
ist/fonts/type1/public/amsfonts/cm/cmmi10.pfb></usr/share/texlive/texmf-dist/fo
nts/type1/public/amsfonts/cm/cmmi12.pfb></usr/share/texlive/texmf-dist/fonts/ty
pe1/public/amsfonts/cm/cmmi8.pfb></usr/share/texlive/texmf-dist/fonts/type1/pub
lic/amsfonts/cm/cmr10.pfb></usr/share/texlive/texmf-dist/fonts/type1/public/ams
fonts/cm/cmr12.pfb></usr/share/texlive/texmf-dist/fonts/type1/public/amsfonts/c
m/cmr6.pfb></usr/share/texlive/texmf-dist/fonts/type1/public/amsfonts/cm/cmr8.p
fb></usr/share/texlive/texmf-dist/fonts/type1/public/amsfonts/cm/cmsy10.pfb></u
sr/share/texlive/texmf-dist/fonts/type1/public/amsfonts/cm/cmsy8.pfb></usr/shar
e/texmf/fonts/type1/public/cm-super/sfbx1000.pfb></usr/share/texmf/fonts/type1/
public/cm-super/sfbx1095.pfb></usr/share/texmf/fonts/type1/public/cm-super/sfbx
1200.pfb></usr/share/texmf/fonts/type1/public/cm-super/sfbx1440.pfb></usr/share
/texmf/fonts/type1/public/cm-super/sfrm0800.pfb></usr/share/texmf/fonts/type1/p
ublic/cm-super/sfrm1000.pfb></usr/share/texmf/fonts/type1/public/cm-super/sfrm1
095.pfb></usr/share/texmf/fonts/type1/public/cm-super/sfrm1200.pfb></usr/share/
texmf/fonts/type1/public/cm-super/sfrm1728.pfb></usr/share/texmf/fonts/type1/pu
blic/cm-super/sfti1000.pfb></usr/share/texmf/fonts/type1/public/cm-super/sfti10
95.pfb></usr/share/texmf/fonts/type1/public/cm-super/sftt1000.pfb></usr/share/t
exmf/fonts/type1/public/cm-super/sftt1095.pfb></usr/share/texmf/fonts/type1/pub
lic/cm-super/sftt1200.pfb></usr/share/texmf/fonts/type1/public/cm-super/sftt144
0.pfb>
Output written on multilevel_lts_fr.pdf (6 pages, 443151 bytes).
Transcript written on multilevel_lts_fr.log.
