This is pdfTeX, Version 3.141592653-2.6-1.40.25 (TeX Live 2023/Debian) (preloaded format=pdflatex 2025.10.6)  24 AUG 2026 13:32
entering extended mode
 restricted \write18 enabled.
 %&-line parsing enabled.
**multilevel_lts_fr.tex
(./multilevel_lts_fr.tex
LaTeX2e <2023-11-01> patch level 1
L3 programming layer <2024-01-22>
(/usr/share/texlive/texmf-dist/tex/latex/base/article.cls
Document Class: article 2023/05/17 v1.4n Standard LaTeX document class
(/usr/share/texlive/texmf-dist/tex/latex/base/size11.clo
File: size11.clo 2023/05/17 v1.4n Standard LaTeX file (size option)
)
\c@part=\count187
\c@section=\count188
\c@subsection=\count189
\c@subsubsection=\count190
\c@paragraph=\count191
\c@subparagraph=\count192
\c@figure=\count193
\c@table=\count194
\abovecaptionskip=\skip48
\belowcaptionskip=\skip49
\bibindent=\dimen140
)
(/usr/share/texlive/texmf-dist/tex/generic/babel/babel.sty
Package: babel 2024/01/07 v24.1 The Babel package
\babel@savecnt=\count195
\U@D=\dimen141
\l@unhyphenated=\language89

(/usr/share/texlive/texmf-dist/tex/generic/babel/txtbabel.def)
\bbl@readstream=\read2
\bbl@dirlevel=\count196

(/usr/share/texlive/texmf-dist/tex/generic/babel-french/french.ldf
Language: french 2023-12-19 v3.5r French support from the babel system
Package babel Info: Hyphen rules for 'acadian' set to \l@french
(babel)             (\language58). Reported on input line 91.
Package babel Info: Hyphen rules for 'canadien' set to \l@french
(babel)             (\language58). Reported on input line 92.
\FB@stdchar=\count197
Package babel Info: Making : an active character on input line 420.
Package babel Info: Making ; an active character on input line 421.
Package babel Info: Making ! an active character on input line 422.
Package babel Info: Making ? an active character on input line 423.
\FBguill@level=\count198
\FBold@everypar=\toks17
\FB@Mht=\dimen142
\mc@charclass=\count199
\mc@charfam=\count266
\mc@charslot=\count267
\std@mcc=\count268
\dec@mcc=\count269
\FB@parskip=\dimen143
\listindentFB=\dimen144
\descindentFB=\dimen145
\labelindentFB=\dimen146
\labelwidthFB=\dimen147
\leftmarginFB=\dimen148
\parindentFFN=\dimen149
\FBfnindent=\dimen150
))
(/usr/share/texlive/texmf-dist/tex/generic/babel/locale/fr/babel-french.tex
Package babel Info: Importing font and identification data for french
(babel)             from babel-fr.ini. Reported on input line 11.
)
(/usr/share/texlive/texmf-dist/tex/latex/carlisle/scalefnt.sty)
(/usr/share/texlive/texmf-dist/tex/latex/graphics/keyval.sty
Package: keyval 2022/05/29 v1.15 key=value parser (DPC)
\KV@toks@=\toks18
)
(/usr/share/texlive/texmf-dist/tex/latex/base/inputenc.sty
Package: inputenc 2021/02/14 v1.3d Input encoding file
\inpenc@prehook=\toks19
\inpenc@posthook=\toks20
)
(/usr/share/texlive/texmf-dist/tex/latex/base/fontenc.sty
Package: fontenc 2021/04/29 v2.0v Standard LaTeX package
)
(/usr/share/texlive/texmf-dist/tex/latex/amsmath/amsmath.sty
Package: amsmath 2023/05/13 v2.17o AMS math features
\@mathmargin=\skip50

For additional information on amsmath, use the `?' option.
(/usr/share/texlive/texmf-dist/tex/latex/amsmath/amstext.sty
Package: amstext 2021/08/26 v2.01 AMS text

(/usr/share/texlive/texmf-dist/tex/latex/amsmath/amsgen.sty
File: amsgen.sty 1999/11/30 v2.0 generic functions
\@emptytoks=\toks21
\ex@=\dimen151
))
(/usr/share/texlive/texmf-dist/tex/latex/amsmath/amsbsy.sty
Package: amsbsy 1999/11/29 v1.2d Bold Symbols
\pmbraise@=\dimen152
)
(/usr/share/texlive/texmf-dist/tex/latex/amsmath/amsopn.sty
Package: amsopn 2022/04/08 v2.04 operator names
)
\inf@bad=\count270
LaTeX Info: Redefining \frac on input line 234.
\uproot@=\count271
\leftroot@=\count272
LaTeX Info: Redefining \overline on input line 399.
LaTeX Info: Redefining \colon on input line 410.
\classnum@=\count273
\DOTSCASE@=\count274
LaTeX Info: Redefining \ldots on input line 496.
LaTeX Info: Redefining \dots on input line 499.
LaTeX Info: Redefining \cdots on input line 620.
\Mathstrutbox@=\box51
\strutbox@=\box52
LaTeX Info: Redefining \big on input line 722.
LaTeX Info: Redefining \Big on input line 723.
LaTeX Info: Redefining \bigg on input line 724.
LaTeX Info: Redefining \Bigg on input line 725.
\big@size=\dimen153
LaTeX Font Info:    Redeclaring font encoding OML on input line 743.
LaTeX Font Info:    Redeclaring font encoding OMS on input line 744.
\macc@depth=\count275
LaTeX Info: Redefining \bmod on input line 905.
LaTeX Info: Redefining \pmod on input line 910.
LaTeX Info: Redefining \smash on input line 940.
LaTeX Info: Redefining \relbar on input line 970.
LaTeX Info: Redefining \Relbar on input line 971.
\c@MaxMatrixCols=\count276
\dotsspace@=\muskip16
\c@parentequation=\count277
\dspbrk@lvl=\count278
\tag@help=\toks22
\row@=\count279
\column@=\count280
\maxfields@=\count281
\andhelp@=\toks23
\eqnshift@=\dimen154
\alignsep@=\dimen155
\tagshift@=\dimen156
\tagwidth@=\dimen157
\totwidth@=\dimen158
\lineht@=\dimen159
\@envbody=\toks24
\multlinegap=\skip51
\multlinetaggap=\skip52
\mathdisplay@stack=\toks25
LaTeX Info: Redefining \[ on input line 2953.
LaTeX Info: Redefining \] on input line 2954.
)
(/usr/share/texlive/texmf-dist/tex/latex/amsfonts/amssymb.sty
Package: amssymb 2013/01/14 v3.01 AMS font symbols

(/usr/share/texlive/texmf-dist/tex/latex/amsfonts/amsfonts.sty
Package: amsfonts 2013/01/14 v3.01 Basic AMSFonts support
\symAMSa=\mathgroup4
\symAMSb=\mathgroup5
LaTeX Font Info:    Redeclaring math symbol \hbar on input line 98.
LaTeX Font Info:    Overwriting math alphabet `\mathfrak' in version `bold'
(Font)                  U/euf/m/n --> U/euf/b/n on input line 106.
))
(/usr/share/texlive/texmf-dist/tex/latex/amscls/amsthm.sty
Package: amsthm 2020/05/29 v2.20.6
\thm@style=\toks26
\thm@bodyfont=\toks27
\thm@headfont=\toks28
\thm@notefont=\toks29
\thm@headpunct=\toks30
\thm@preskip=\skip53
\thm@postskip=\skip54
\thm@headsep=\skip55
\dth@everypar=\toks31
)
(/usr/share/texlive/texmf-dist/tex/latex/geometry/geometry.sty
Package: geometry 2020/01/02 v5.9 Page Geometry

(/usr/share/texlive/texmf-dist/tex/generic/iftex/ifvtex.sty
Package: ifvtex 2019/10/25 v1.7 ifvtex legacy package. Use iftex instead.

(/usr/share/texlive/texmf-dist/tex/generic/iftex/iftex.sty
Package: iftex 2022/02/03 v1.0f TeX engine tests
))
\Gm@cnth=\count282
\Gm@cntv=\count283
\c@Gm@tempcnt=\count284
\Gm@bindingoffset=\dimen160
\Gm@wd@mp=\dimen161
\Gm@odd@mp=\dimen162
\Gm@even@mp=\dimen163
\Gm@layoutwidth=\dimen164
\Gm@layoutheight=\dimen165
\Gm@layouthoffset=\dimen166
\Gm@layoutvoffset=\dimen167
\Gm@dimlist=\toks32
)
(/usr/share/texlive/texmf-dist/tex/latex/hyperref/hyperref.sty
Package: hyperref 2024-01-20 v7.01h Hypertext links for LaTeX

(/usr/share/texlive/texmf-dist/tex/latex/kvsetkeys/kvsetkeys.sty
Package: kvsetkeys 2022-10-05 v1.19 Key value parser (HO)
)
(/usr/share/texlive/texmf-dist/tex/generic/kvdefinekeys/kvdefinekeys.sty
Package: kvdefinekeys 2019-12-19 v1.6 Define keys (HO)
)
(/usr/share/texlive/texmf-dist/tex/generic/pdfescape/pdfescape.sty
Package: pdfescape 2019/12/09 v1.15 Implements pdfTeX's escape features (HO)

(/usr/share/texlive/texmf-dist/tex/generic/ltxcmds/ltxcmds.sty
Package: ltxcmds 2023-12-04 v1.26 LaTeX kernel commands for general use (HO)
)
(/usr/share/texlive/texmf-dist/tex/generic/pdftexcmds/pdftexcmds.sty
Package: pdftexcmds 2020-06-27 v0.33 Utility functions of pdfTeX for LuaTeX (HO
)

(/usr/share/texlive/texmf-dist/tex/generic/infwarerr/infwarerr.sty
Package: infwarerr 2019/12/03 v1.5 Providing info/warning/error messages (HO)
)
Package pdftexcmds Info: \pdf@primitive is available.
Package pdftexcmds Info: \pdf@ifprimitive is available.
Package pdftexcmds Info: \pdfdraftmode found.
))
(/usr/share/texlive/texmf-dist/tex/latex/hycolor/hycolor.sty
Package: hycolor 2020-01-27 v1.10 Color options for hyperref/bookmark (HO)
)
(/usr/share/texlive/texmf-dist/tex/latex/auxhook/auxhook.sty
Package: auxhook 2019-12-17 v1.6 Hooks for auxiliary files (HO)
)
(/usr/share/texlive/texmf-dist/tex/latex/hyperref/nameref.sty
Package: nameref 2023-11-26 v2.56 Cross-referencing by name of section

(/usr/share/texlive/texmf-dist/tex/latex/refcount/refcount.sty
Package: refcount 2019/12/15 v3.6 Data extraction from label references (HO)
)
(/usr/share/texlive/texmf-dist/tex/generic/gettitlestring/gettitlestring.sty
Package: gettitlestring 2019/12/15 v1.6 Cleanup title references (HO)

(/usr/share/texlive/texmf-dist/tex/latex/kvoptions/kvoptions.sty
Package: kvoptions 2022-06-15 v3.15 Key value format for package options (HO)
))
\c@section@level=\count285
)
(/usr/share/texlive/texmf-dist/tex/latex/etoolbox/etoolbox.sty
Package: etoolbox 2020/10/05 v2.5k e-TeX tools for LaTeX (JAW)
\etb@tempcnta=\count286
)
\@linkdim=\dimen168
\Hy@linkcounter=\count287
\Hy@pagecounter=\count288

(/usr/share/texlive/texmf-dist/tex/latex/hyperref/pd1enc.def
File: pd1enc.def 2024-01-20 v7.01h Hyperref: PDFDocEncoding definition (HO)
Now handling font encoding PD1 ...
... no UTF-8 mapping file for font encoding PD1
)
(/usr/share/texlive/texmf-dist/tex/generic/intcalc/intcalc.sty
Package: intcalc 2019/12/15 v1.3 Expandable calculations with integers (HO)
)
\Hy@SavedSpaceFactor=\count289

(/usr/share/texlive/texmf-dist/tex/latex/hyperref/puenc.def
File: puenc.def 2024-01-20 v7.01h Hyperref: PDF Unicode definition (HO)
Now handling font encoding PU ...
... no UTF-8 mapping file for font encoding PU
)
Package hyperref Info: Hyper figures OFF on input line 4179.
Package hyperref Info: Link nesting OFF on input line 4184.
Package hyperref Info: Hyper index ON on input line 4187.
Package hyperref Info: Plain pages OFF on input line 4194.
Package hyperref Info: Backreferencing OFF on input line 4199.
Package hyperref Info: Implicit mode ON; LaTeX internals redefined.
Package hyperref Info: Bookmarks ON on input line 4446.
\c@Hy@tempcnt=\count290

(/usr/share/texlive/texmf-dist/tex/latex/url/url.sty
\Urlmuskip=\muskip17
Package: url 2013/09/16  ver 3.4  Verb mode for urls, etc.
)
LaTeX Info: Redefining \url on input line 4784.
\XeTeXLinkMargin=\dimen169

(/usr/share/texlive/texmf-dist/tex/generic/bitset/bitset.sty
Package: bitset 2019/12/09 v1.3 Handle bit-vector datatype (HO)

(/usr/share/texlive/texmf-dist/tex/generic/bigintcalc/bigintcalc.sty
Package: bigintcalc 2019/12/15 v1.5 Expandable calculations on big integers (HO
)
))
\Fld@menulength=\count291
\Field@Width=\dimen170
\Fld@charsize=\dimen171
Package hyperref Info: Hyper figures OFF on input line 6063.
Package hyperref Info: Link nesting OFF on input line 6068.
Package hyperref Info: Hyper index ON on input line 6071.
Package hyperref Info: backreferencing OFF on input line 6078.
Package hyperref Info: Link coloring OFF on input line 6083.
Package hyperref Info: Link coloring with OCG OFF on input line 6088.
Package hyperref Info: PDF/A mode OFF on input line 6093.

(/usr/share/texlive/texmf-dist/tex/latex/base/atbegshi-ltx.sty
Package: atbegshi-ltx 2021/01/10 v1.0c Emulation of the original atbegshi
package with kernel methods
)
\Hy@abspage=\count292
\c@Item=\count293
\c@Hfootnote=\count294
)
Package hyperref Info: Driver (autodetected): hpdftex.

(/usr/share/texlive/texmf-dist/tex/latex/hyperref/hpdftex.def
File: hpdftex.def 2024-01-20 v7.01h Hyperref driver for pdfTeX

(/usr/share/texlive/texmf-dist/tex/latex/base/atveryend-ltx.sty
Package: atveryend-ltx 2020/08/19 v1.0a Emulation of the original atveryend pac
kage
with kernel methods
)
\Fld@listcount=\count295
\c@bookmark@seq@number=\count296

(/usr/share/texlive/texmf-dist/tex/latex/rerunfilecheck/rerunfilecheck.sty
Package: rerunfilecheck 2022-07-10 v1.10 Rerun checks for auxiliary files (HO)

(/usr/share/texlive/texmf-dist/tex/generic/uniquecounter/uniquecounter.sty
Package: uniquecounter 2019/12/15 v1.4 Provide unlimited unique counter (HO)
)
Package uniquecounter Info: New unique counter `rerunfilecheck' on input line 2
85.
)
\Hy@SectionHShift=\skip56
)
(/usr/share/texlive/texmf-dist/tex/latex/listings/listings.sty
\lst@mode=\count297
\lst@gtempboxa=\box53
\lst@token=\toks33
\lst@length=\count298
\lst@currlwidth=\dimen172
\lst@column=\count299
\lst@pos=\count300
\lst@lostspace=\dimen173
\lst@width=\dimen174
\lst@newlines=\count301
\lst@lineno=\count302
\lst@maxwidth=\dimen175

(/usr/share/texlive/texmf-dist/tex/latex/listings/lstmisc.sty
File: lstmisc.sty 2023/02/27 1.9 (Carsten Heinz)
\c@lstnumber=\count303
\lst@skipnumbers=\count304
\lst@framebox=\box54
)
(/usr/share/texlive/texmf-dist/tex/latex/listings/listings.cfg
File: listings.cfg 2023/02/27 1.9 listings configuration
))
Package: listings 2023/02/27 1.9 (Carsten Heinz)

(/usr/share/texlive/texmf-dist/tex/latex/xcolor/xcolor.sty
Package: xcolor 2023/11/15 v3.01 LaTeX color extensions (UK)

(/usr/share/texlive/texmf-dist/tex/latex/graphics-cfg/color.cfg
File: color.cfg 2016/01/02 v1.6 sample color configuration
)
Package xcolor Info: Driver file: pdftex.def on input line 274.

(/usr/share/texlive/texmf-dist/tex/latex/graphics-def/pdftex.def
File: pdftex.def 2022/09/22 v1.2b Graphics/color driver for pdftex
)
(/usr/share/texlive/texmf-dist/tex/latex/graphics/mathcolor.ltx)
Package xcolor Info: Model `cmy' substituted by `cmy0' on input line 1350.
Package xcolor Info: Model `hsb' substituted by `rgb' on input line 1354.
Package xcolor Info: Model `RGB' extended on input line 1366.
Package xcolor Info: Model `HTML' substituted by `rgb' on input line 1368.
Package xcolor Info: Model `Hsb' substituted by `hsb' on input line 1369.
Package xcolor Info: Model `tHsb' substituted by `hsb' on input line 1370.
Package xcolor Info: Model `HSB' substituted by `hsb' on input line 1371.
Package xcolor Info: Model `Gray' substituted by `gray' on input line 1372.
Package xcolor Info: Model `wave' substituted by `hsb' on input line 1373.
)
(/usr/share/texlive/texmf-dist/tex/latex/booktabs/booktabs.sty
Package: booktabs 2020/01/12 v1.61803398 Publication quality tables
\heavyrulewidth=\dimen176
\lightrulewidth=\dimen177
\cmidrulewidth=\dimen178
\belowrulesep=\dimen179
\belowbottomsep=\dimen180
\aboverulesep=\dimen181
\abovetopsep=\dimen182
\cmidrulesep=\dimen183
\cmidrulekern=\dimen184
\defaultaddspace=\dimen185
\@cmidla=\count305
\@cmidlb=\count306
\@aboverulesep=\dimen186
\@belowrulesep=\dimen187
\@thisruleclass=\count307
\@lastruleclass=\count308
\@thisrulewidth=\dimen188
)
(/usr/share/texlive/texmf-dist/tex/latex/l3backend/l3backend-pdftex.def
File: l3backend-pdftex.def 2024-01-04 L3 backend support: PDF output (pdfTeX)
\l__color_backend_stack_int=\count309
\l__pdf_internal_box=\box55
)
(./multilevel_lts_fr.aux)
\openout1 = `multilevel_lts_fr.aux'.

LaTeX Font Info:    Checking defaults for OML/cmm/m/it on input line 28.
LaTeX Font Info:    ... okay on input line 28.
LaTeX Font Info:    Checking defaults for OMS/cmsy/m/n on input line 28.
LaTeX Font Info:    ... okay on input line 28.
LaTeX Font Info:    Checking defaults for OT1/cmr/m/n on input line 28.
LaTeX Font Info:    ... okay on input line 28.
LaTeX Font Info:    Checking defaults for T1/cmr/m/n on input line 28.
LaTeX Font Info:    ... okay on input line 28.
LaTeX Font Info:    Checking defaults for TS1/cmr/m/n on input line 28.
LaTeX Font Info:    ... okay on input line 28.
LaTeX Font Info:    Checking defaults for OMX/cmex/m/n on input line 28.
LaTeX Font Info:    ... okay on input line 28.
LaTeX Font Info:    Checking defaults for U/cmr/m/n on input line 28.
LaTeX Font Info:    ... okay on input line 28.
LaTeX Font Info:    Checking defaults for PD1/pdf/m/n on input line 28.
LaTeX Font Info:    ... okay on input line 28.
LaTeX Font Info:    Checking defaults for PU/pdf/m/n on input line 28.
LaTeX Font Info:    ... okay on input line 28.
LaTeX Info: Redefining \degres on input line 28.
LaTeX Info: Redefining \up on input line 28.

*geometry* driver: auto-detecting
*geometry* detected driver: pdftex
*geometry* verbose mode - [ preamble ] result:
* driver: pdftex
* paper: <default>
* layout: <same size as paper>
* layoutoffset:(h,v)=(0.0pt,0.0pt)
* modes: 
* h-part:(L,W,R)=(76.82234pt, 460.65031pt, 76.82234pt)
* v-part:(T,H,B)=(76.82234pt, 641.3253pt, 76.82234pt)
* \paperwidth=614.295pt
* \paperheight=794.96999pt
* \textwidth=460.65031pt
* \textheight=641.3253pt
* \oddsidemargin=4.55235pt
* \evensidemargin=4.55235pt
* \topmargin=-32.44765pt
* \headheight=12.0pt
* \headsep=25.0pt
* \topskip=11.0pt
* \footskip=30.0pt
* \marginparwidth=59.0pt
* \marginparsep=10.0pt
* \columnsep=10.0pt
* \skip\footins=10.0pt plus 4.0pt minus 2.0pt
* \hoffset=0.0pt
* \voffset=0.0pt
* \mag=1000
* \@twocolumnfalse
* \@twosidefalse
* \@mparswitchfalse
* \@reversemarginfalse
* (1in=72.27pt=25.4mm, 1cm=28.453pt)

Package hyperref Info: Link coloring OFF on input line 28.
(./multilevel_lts_fr.out) (./multilevel_lts_fr.out)
\@outlinefile=\write3
\openout3 = `multilevel_lts_fr.out'.

\c@lstlisting=\count310

(/usr/share/texlive/texmf-dist/tex/context/base/mkii/supp-pdf.mkii
[Loading MPS to PDF converter (version 2006.09.02).]
\scratchcounter=\count311
\scratchdimen=\dimen189
\scratchbox=\box56
\nofMPsegments=\count312
\nofMParguments=\count313
\everyMPshowfont=\toks34
\MPscratchCnt=\count314
\MPscratchDim=\dimen190
\MPnumerator=\count315
\makeMPintoPDFobject=\count316
\everyMPtoPDFconversion=\toks35
)
LaTeX Font Info:    Trying to load font information for U+msa on input line 30.

 (/usr/share/texlive/texmf-dist/tex/latex/amsfonts/umsa.fd
File: umsa.fd 2013/01/14 v3.01 AMS symbols A
)
LaTeX Font Info:    Trying to load font information for U+msb on input line 30.


(/usr/share/texlive/texmf-dist/tex/latex/amsfonts/umsb.fd
File: umsb.fd 2013/01/14 v3.01 AMS symbols B
)
LaTeX Font Info:    Trying to load font information for T1+cmtt on input line 3
5.

(/usr/share/texlive/texmf-dist/tex/latex/base/t1cmtt.fd
File: t1cmtt.fd 2023/04/13 v2.5m Standard LaTeX font definitions
)
(./multilevel_lts_fr.toc
LaTeX Font Info:    Font shape `T1/cmtt/bx/n' in size <10.95> not available
(Font)              Font shape `T1/cmtt/m/n' tried instead on input line 7.
 [1

{/var/lib/texmf/fonts/map/pdftex/updmap/pdftex.map}{/usr/share/texmf/fonts/enc/
dvips/cm-super/cm-super-t1.enc}])
\tf@toc=\write4
\openout4 = `multilevel_lts_fr.toc'.

 [2]
Overfull \hbox (0.66872pt too wide) in paragraph at lines 100--111
\T1/cmtt/m/n/10.95 erk_coupling_hho_scheme.hpp \T1/cmr/m/n/10.95 (\T1/cmtt/m/n/
10.95 build_LTS_subspaces \T1/cmr/m/n/10.95 + \T1/cmtt/m/n/10.95 erk_weight_LTS
_coarse_restricted
 []


Overfull \hbox (2.08826pt too wide) in paragraph at lines 125--134
[]\T1/cmr/m/n/10.95 Dans \T1/cmtt/m/n/10.95 compute_w_restricted\T1/cmr/m/n/10.
95 , la
 []

[3]
Overfull \hbox (0.3877pt too wide) in paragraph at lines 136--143
\T1/cmr/m/n/10.95 (\T1/cmtt/m/n/10.95 erk_weight_LTS_coarse\T1/cmr/m/n/10.95 /\
T1/cmtt/m/n/10.95 erk_weight_LTS_fine\T1/cmr/m/n/10.95 ) et res-tent donc fiabl
es. Par prin-cipe de moindre
 []

LaTeX Font Info:    Font shape `T1/cmtt/bx/n' in size <14.4> not available
(Font)              Font shape `T1/cmtt/m/n' tried instead on input line 144.

Overfull \hbox (17.75508pt too wide) in paragraph at lines 144--144
[]\T1/cmr/bx/n/14.4 Nouvelles briques res-treintes (fi-chier \T1/cmtt/m/n/14.4 
erk_coupling_hho_scheme.hpp\T1/cmr/bx/n/14.4 ) 
 []

LaTeX Font Info:    Font shape `T1/cmtt/bx/n' in size <12> not available
(Font)              Font shape `T1/cmtt/m/n' tried instead on input line 147.

Overfull \hbox (5.83801pt too wide) in paragraph at lines 149--155
[]\T1/cmr/m/n/10.95 Contrairement à \T1/cmtt/m/n/10.95 build_LTS_subspaces \T1/
cmr/m/n/10.95 (un seul jeu de sous-blocs co-ar-se/-fine, dans des membres
 []


Overfull \hbox (49.97661pt too wide) in paragraph at lines 166--170
[]\T1/cmr/m/n/10.95 Chaque \T1/cmtt/m/n/10.95 LTS_subblock_set \T1/cmr/m/n/10.9
5 stocke \T1/cmr/m/it/10.95 deux \T1/cmr/m/n/10.95 jeux de sous-matrices res-tr
eintes : \T1/cmtt/m/n/10.95 Kcc/Kcf/Kfc/Mc_inv/Sff_inv
 []


Overfull \hbox (13.38242pt too wide) in paragraph at lines 174--184
\OML/cmm/m/it/10.95 B[]y[]$ \T1/cmr/m/n/10.95 et $\OML/cmm/m/it/10.95 B[]F[]$ \
T1/cmr/m/n/10.95 (non mas-quées, uti-li-sant le halo pour res-ter exactes), pui
s mas-quage \T1/cmr/m/it/10.95 fi-nal \T1/cmr/m/n/10.95 à \T1/cmtt/m/n/10.95 ow
n_c/own_f
 []

[4]

Package hyperref Warning: Token not allowed in a PDF string (Unicode):
(hyperref)                removing `math shift' on input line 224.


Package hyperref Warning: Token not allowed in a PDF string (Unicode):
(hyperref)                removing `math shift' on input line 224.

[5]

Package hyperref Warning: Token not allowed in a PDF string (Unicode):
(hyperref)                removing `math shift' on input line 314.


Package hyperref Warning: Token not allowed in a PDF string (Unicode):
(hyperref)                removing `math shift' on input line 314.


Package hyperref Warning: Token not allowed in a PDF string (Unicode):
(hyperref)                removing `math shift' on input line 314.


Package hyperref Warning: Token not allowed in a PDF string (Unicode):
(hyperref)                removing `math shift' on input line 314.


Package hyperref Warning: Token not allowed in a PDF string (Unicode):
(hyperref)                removing `math shift' on input line 314.


Package hyperref Warning: Token not allowed in a PDF string (Unicode):
(hyperref)                removing `math shift' on input line 314.


Package hyperref Warning: Token not allowed in a PDF string (Unicode):
(hyperref)                removing `math shift' on input line 330.


Package hyperref Warning: Token not allowed in a PDF string (Unicode):
(hyperref)                removing `math shift' on input line 330.

[6]
Overfull \hbox (36.15501pt too wide) in paragraph at lines 342--355
 []\T1/cmr/bx/n/10.95 Bug C --- mau-vaise cible de cou-ver-ture.[] \T1/cmr/m/n/
10.95 La fonc-tion \T1/cmtt/m/n/10.95 erk_weight_LTS_coarse_advance_uncovered
 []


Package hyperref Warning: Token not allowed in a PDF string (Unicode):
(hyperref)                removing `math shift' on input line 366.


Package hyperref Warning: Token not allowed in a PDF string (Unicode):
(hyperref)                removing `math shift' on input line 366.


Package hyperref Warning: Token not allowed in a PDF string (Unicode):
(hyperref)                removing `math shift' on input line 366.


Package hyperref Warning: Token not allowed in a PDF string (Unicode):
(hyperref)                removing `subscript' on input line 366.


Package hyperref Warning: Token not allowed in a PDF string (Unicode):
(hyperref)                removing `math shift' on input line 366.


Overfull \hbox (27.1103pt too wide) in paragraph at lines 368--371
[]\T1/cmr/m/n/10.95 Après ap-pli-ca-tion du cor-rec-tif du Bug C au pi-lote gé-
né-rique com-plet (\T1/cmtt/m/n/10.95 ERK4_MLTS_timing_test.hpp\T1/cmr/m/n/10.9
5 ),
 []

[7]

Package hyperref Warning: Token not allowed in a PDF string (Unicode):
(hyperref)                removing `math shift' on input line 446.


Package hyperref Warning: Token not allowed in a PDF string (Unicode):
(hyperref)                removing `math shift' on input line 446.


Package hyperref Warning: Token not allowed in a PDF string (Unicode):
(hyperref)                removing `math shift' on input line 446.


Package hyperref Warning: Token not allowed in a PDF string (Unicode):
(hyperref)                removing `subscript' on input line 446.


Package hyperref Warning: Token not allowed in a PDF string (Unicode):
(hyperref)                removing `math shift' on input line 446.

[8] [9]
Overfull \hbox (61.2651pt too wide) in paragraph at lines 563--573
 []\T1/cmr/bx/n/10.95 Nouvelle brique : \T1/cmtt/m/n/10.95 erk_weight_LTS_coars
e_global\T1/cmr/bx/n/10.95 .[] \T1/cmr/m/n/10.95 La fonc-tion glo-bale exis-tan
te \T1/cmtt/m/n/10.95 erk_weight_LTS_coarse
 []


Overfull \hbox (133.59993pt too wide) in paragraph at lines 577--582
[]\T1/cmr/m/n/10.95 recalculer \T1/cmr/m/it/10.95 à neuf\T1/cmr/m/n/10.95 , de-
puis l'état cou-rant \T1/cmtt/m/n/10.95 xn\T1/cmr/m/n/10.95 , la contri-bu-tion
 propre de la bande $\OML/cmm/m/it/10.95 i$ \T1/cmr/m/n/10.95 via \T1/cmtt/m/n/
10.95 erk_weight_LTS_coarse_global(xn,
 []

[10] [11] [12]
Overfull \hbox (7.94661pt too wide) in paragraph at lines 784--784
[]\T1/cmr/bx/n/14.4 Quatre ten-ta-tives d'op-ti-mi-sa-tion al-go-rith-mique sup
-plé-men-taires 
 []


Overfull \hbox (72.23528pt too wide) in paragraph at lines 808--822
[]\T1/cmr/bx/n/10.95 Micro-optimisations sans risque \T1/cmr/m/n/10.95 : (a) un
 cal-cul gas-pillé iden-ti-fié dans \T1/cmtt/m/n/10.95 erk_weight_LTS_coarse_gl
obal
 []

[13] [14]
Overfull \hbox (60.4733pt too wide) in paragraph at lines 962--971
[]\T1/cmr/m/n/10.95 Pour com-prendre \T1/cmr/m/it/10.95 pré-ci-sé-ment \T1/cmr/
m/n/10.95 où l'écart entre ver-sion res-treinte (avec le cor-rec-tif \T1/cmtt/m
/n/10.95 advance_uncovered_full\T1/cmr/m/n/10.95 ,
 []


Overfull \hbox (102.03447pt too wide) in paragraph at lines 962--971
\T1/cmr/m/n/10.95 halo à 8 an-neaux) et ver-sion glo-bale exacte se forme, un o
u-til de diag-nos-tic dé-dié (\T1/cmtt/m/n/10.95 ERK4_MLTS_Lshape_DiagN2_test.h
pp\T1/cmr/m/n/10.95 )
 []

[15]
Underfull \hbox (badness 10000) in paragraph at lines 1027--1027
[]\T1/cmr/m/n/10.95 Correctif halo
 []


Underfull \hbox (badness 2538) in paragraph at lines 1027--1027
[]\T1/cmr/m/n/10.95 Marche sur pe-tit cas
 []


Underfull \hbox (badness 2088) in paragraph at lines 1027--1027
\T1/cmr/m/n/10.95 contrôlé (ra-tio $\OMS/cmsy/m/n/10.95 !$\T1/cmr/m/n/10.95 1,0
),
 []


Underfull \hbox (badness 10000) in paragraph at lines 1027--1027
\T1/cmr/m/n/10.95 ré-sidu $\OMS/cmsy/m/n/10.95 ^^X$\T1/cmr/m/n/10.95 15--17$\OM
S/cmsy/m/n/10.95 ^^B$ \T1/cmr/m/n/10.95 sur
 []


Underfull \hbox (badness 10000) in paragraph at lines 1028--1028
[]\T1/cmr/m/n/10.95 Terme croisé \T1/cmtt/m/n/10.95 ancestor_w
 []


Underfull \hbox (badness 2443) in paragraph at lines 1028--1028
[]\T1/cmr/m/n/10.95 Pire ($\OT1/cmr/m/n/10.95 1[]92 \OMS/cmsy/m/n/10.95 ^^B \OT
1/cmr/m/n/10.95 10[]$ \T1/cmr/m/n/10.95 vs
 []


Underfull \hbox (badness 1092) in paragraph at lines 1029--1029
[]\T1/cmr/m/n/10.95 Micro-opt. (cal-cul gas-pillé +
 []


Underfull \hbox (badness 10000) in paragraph at lines 1029--1029
[]\T1/cmr/m/n/10.95 Correct, mais au-cun
 []


Underfull \hbox (badness 2393) in paragraph at lines 1029--1029
\T1/cmr/m/n/10.95 gain de temps me-su-
 []


Underfull \hbox (badness 10000) in paragraph at lines 1030--1030
[]\T1/cmr/m/n/10.95 Beaucoup plus lent
 []


Underfull \hbox (badness 10000) in paragraph at lines 1033--1033
[]\T1/cmr/m/n/10.95 Diagnostic crois-sance par
 []


Underfull \hbox (badness 10000) in paragraph at lines 1033--1033
[]\T1/cmr/m/n/10.95 Sous-linéaire jus-qu'à
 []


Underfull \hbox (badness 10000) in paragraph at lines 1033--1033
\T1/cmtt/m/n/10.95 nt$\OT1/cmr/m/n/10.95 = 30$\T1/cmr/m/n/10.95 , n'ex-plique
 []

[16] [17]
Overfull \hbox (39.91974pt too wide) in paragraph at lines 1091--1099
[]\T1/cmr/bx/n/10.95 État du code à la fin de la ses-sion \T1/cmr/m/n/10.95 : l
e fi-chier \T1/cmtt/m/n/10.95 ERK4_MLTS_Lshape_RestrictedExact_conv_test.hpp
 []


Overfull \hbox (18.59755pt too wide) in paragraph at lines 1140--1140
[]\T1/cmtt/m/n/10.95 ERK4_MLTS_L5small_validation_test.hpp:295| 
 []

[18]
Overfull \hbox (11.49596pt too wide) in paragraph at lines 1148--1156
\T1/cmr/m/n/10.95 quasi ma-chine, Ÿ[]5[]) font tous \T1/cmtt/m/n/10.95 combined
 = ancestor_w + own_w \T1/cmr/m/n/10.95 avant d'ap-pe-ler \T1/cmtt/m/n/10.95 ad
vance_uncovered\T1/cmr/m/n/10.95 .
 []

[19] (/usr/share/texlive/texmf-dist/tex/latex/listings/lstlang1.sty
File: lstlang1.sty 2023/02/27 1.9 listings language file
)
(/usr/share/texlive/texmf-dist/tex/latex/listings/lstlang1.sty
File: lstlang1.sty 2023/02/27 1.9 listings language file
)
(/usr/share/texlive/texmf-dist/tex/latex/listings/lstmisc.sty
File: lstmisc.sty 2023/02/27 1.9 (Carsten Heinz)
)
Overfull \hbox (119.0767pt too wide) in paragraph at lines 1273--1279
[]\T1/cmr/m/n/10.95 Le \T1/cmtt/m/n/10.95 cfl_factor \T1/cmr/m/n/10.95 par dé-f
aut des deux dri-vers (\T1/cmtt/m/n/10.95 ...RestrictedExact_conv_test.hpp \T1/
cmr/m/n/10.95 et \T1/cmtt/m/n/10.95 ...GlobalExact_conv_test.hpp\T1/cmr/m/n/10.
95 )
 []

[20] [21] (./multilevel_lts_fr.aux)
 ***********
LaTeX2e <2023-11-01> patch level 1
L3 programming layer <2024-01-22>
 ***********


LaTeX Warning: Label(s) may have changed. Rerun to get cross-references right.

Package rerunfilecheck Info: File `multilevel_lts_fr.out' has not changed.
(rerunfilecheck)             Checksum: 942DF69E58EF52F46FFAC568C0887D7E;12349.
 ) 
Here is how much of TeX's memory you used:
 14351 strings out of 474222
 215222 string characters out of 5748733
 2005975 words of memory out of 5000000
 36328 multiletter control sequences out of 15000+600000
 582169 words of font info for 97 fonts, out of 8000000 for 9000
 1141 hyphenation exceptions out of 8191
 75i,11n,79p,653b,1306s stack positions out of 10000i,1000n,20000p,200000b,200000s
</usr/share/texlive/texmf-dist/fonts/type1/public/amsfonts/cm/cmbx10.pfb></us
r/share/texlive/texmf-dist/fonts/type1/public/amsfonts/cm/cmbx8.pfb></usr/share
/texlive/texmf-dist/fonts/type1/public/amsfonts/cm/cmex10.pfb></usr/share/texli
ve/texmf-dist/fonts/type1/public/amsfonts/cm/cmmi10.pfb></usr/share/texlive/tex
mf-dist/fonts/type1/public/amsfonts/cm/cmmi12.pfb></usr/share/texlive/texmf-dis
t/fonts/type1/public/amsfonts/cm/cmmi6.pfb></usr/share/texlive/texmf-dist/fonts
/type1/public/amsfonts/cm/cmmi8.pfb></usr/share/texlive/texmf-dist/fonts/type1/
public/amsfonts/cm/cmr10.pfb></usr/share/texlive/texmf-dist/fonts/type1/public/
amsfonts/cm/cmr12.pfb></usr/share/texlive/texmf-dist/fonts/type1/public/amsfont
s/cm/cmr6.pfb></usr/share/texlive/texmf-dist/fonts/type1/public/amsfonts/cm/cmr
8.pfb></usr/share/texlive/texmf-dist/fonts/type1/public/amsfonts/cm/cmsy10.pfb>
</usr/share/texlive/texmf-dist/fonts/type1/public/amsfonts/cm/cmsy8.pfb></usr/s
hare/texmf/fonts/type1/public/cm-super/sfbx0800.pfb></usr/share/texmf/fonts/typ
e1/public/cm-super/sfbx1000.pfb></usr/share/texmf/fonts/type1/public/cm-super/s
fbx1095.pfb></usr/share/texmf/fonts/type1/public/cm-super/sfbx1200.pfb></usr/sh
are/texmf/fonts/type1/public/cm-super/sfbx1440.pfb></usr/share/texmf/fonts/type
1/public/cm-super/sfit1000.pfb></usr/share/texmf/fonts/type1/public/cm-super/sf
rm0800.pfb></usr/share/texmf/fonts/type1/public/cm-super/sfrm1000.pfb></usr/sha
re/texmf/fonts/type1/public/cm-super/sfrm1095.pfb></usr/share/texmf/fonts/type1
/public/cm-super/sfrm1200.pfb></usr/share/texmf/fonts/type1/public/cm-super/sfr
m1728.pfb></usr/share/texmf/fonts/type1/public/cm-super/sfti1000.pfb></usr/shar
e/texmf/fonts/type1/public/cm-super/sfti1095.pfb></usr/share/texmf/fonts/type1/
public/cm-super/sftt0800.pfb></usr/share/texmf/fonts/type1/public/cm-super/sftt
1000.pfb></usr/share/texmf/fonts/type1/public/cm-super/sftt1095.pfb></usr/share
/texmf/fonts/type1/public/cm-super/sftt1200.pfb></usr/share/texmf/fonts/type1/p
ublic/cm-super/sftt1440.pfb>
Output written on multilevel_lts_fr.pdf (21 pages, 646913 bytes).
PDF statistics:
 564 PDF objects out of 1000 (max. 8388607)
 474 compressed objects within 5 object streams
 100 named destinations out of 1000 (max. 500000)
 321 words of extra memory for PDF output out of 10000 (max. 10000000)

