\BOOKMARK [1][-]{section.1}{\376\377\000C\000o\000n\000t\000e\000x\000t\000\040\000a\000n\000d\000\040\000m\000o\000t\000i\000v\000a\000t\000i\000o\000n}{}% 1
\BOOKMARK [2][-]{subsection.1.1}{\376\377\000T\000h\000e\000\040\000c\000o\000s\000t\000\040\000p\000r\000o\000b\000l\000e\000m}{section.1}% 2
\BOOKMARK [2][-]{subsection.1.2}{\376\377\000G\000r\000o\000t\000e\000'\000s\000\040\000o\000b\000s\000e\000r\000v\000a\000t\000i\000o\000n}{section.1}% 3
\BOOKMARK [2][-]{subsection.1.3}{\376\377\000D\000i\000a\000g\000n\000o\000s\000t\000i\000c\000:\000\040\000c\000e\000l\000l\000-\000s\000i\000z\000e\000\040\000d\000i\000s\000t\000r\000i\000b\000u\000t\000i\000o\000n}{section.1}% 4
\BOOKMARK [1][-]{section.2}{\376\377\000E\000m\000p\000i\000r\000i\000c\000a\000l\000\040\000d\000i\000a\000g\000n\000o\000s\000i\000s\000\040\000o\000f\000\040\000t\000w\000o\000\040\000p\000r\000e\000-\000e\000x\000i\000s\000t\000i\000n\000g\000\040\000b\000u\000g\000s}{}% 5
\BOOKMARK [1][-]{section.3}{\376\377\000N\000e\000w\000\040\000r\000e\000s\000t\000r\000i\000c\000t\000e\000d\000\040\000b\000u\000i\000l\000d\000i\000n\000g\000\040\000b\000l\000o\000c\000k\000s\000\040\000\050\000f\000i\000l\000e\000\040\000e\000r\000k\000\137\000c\000o\000u\000p\000l\000i\000n\000g\000\137\000h\000h\000o\000\137\000s\000c\000h\000e\000m\000e\000.\000h\000p\000p\000\051}{}% 6
\BOOKMARK [2][-]{subsection.3.1}{\376\377\000L\000T\000S\000\137\000s\000u\000b\000b\000l\000o\000c\000k\000\137\000s\000e\000t\000\040\000a\000n\000d\000\040\000b\000u\000i\000l\000d\000\137\000L\000T\000S\000\137\000s\000u\000b\000b\000l\000o\000c\000k}{section.3}% 7
\BOOKMARK [2][-]{subsection.3.2}{\376\377\000`\000`\000C\000o\000a\000r\000s\000e\000'\000'\000\040\000r\000o\000l\000e\000:\000\040\000e\000r\000k\000\137\000w\000e\000i\000g\000h\000t\000\137\000L\000T\000S\000\137\000c\000o\000a\000r\000s\000e\000\137\000v\0002}{section.3}% 8
\BOOKMARK [2][-]{subsection.3.3}{\376\377\000`\000`\000F\000i\000n\000e\000'\000'\000\040\000r\000o\000l\000e\000:\000\040\000e\000r\000k\000\137\000w\000e\000i\000g\000h\000t\000\137\000L\000T\000S\000\137\000f\000i\000n\000e\000\137\000v\0002}{section.3}% 9
\BOOKMARK [2][-]{subsection.3.4}{\376\377\000A\000n\000a\000l\000y\000t\000i\000c\000\040\000f\000a\000l\000l\000b\000a\000c\000k\000:\000\040\000e\000r\000k\000\137\000w\000e\000i\000g\000h\000t\000\137\000L\000T\000S\000\137\000c\000o\000a\000r\000s\000e\000\137\000a\000d\000v\000a\000n\000c\000e\000\137\000u\000n\000c\000o\000v\000e\000r\000e\000d}{section.3}% 10
\BOOKMARK [1][-]{section.4}{\376\377\000V\000a\000l\000i\000d\000a\000t\000i\000o\000n\000\040\000a\000t\000\040\000L\000=\0002}{}% 11
\BOOKMARK [1][-]{section.5}{\376\377\000M\000u\000l\000t\000i\000-\000l\000e\000v\000e\000l\000\040\000g\000e\000n\000e\000r\000a\000l\000i\000z\000a\000t\000i\000o\000n}{}% 12
\BOOKMARK [2][-]{subsection.5.1}{\376\377\000R\000e\000c\000u\000r\000s\000i\000v\000e\000\040\000s\000t\000r\000u\000c\000t\000u\000r\000e}{section.5}% 13
\BOOKMARK [2][-]{subsection.5.2}{\376\377\000K\000e\000y\000\040\000i\000n\000s\000i\000g\000h\000t\000:\000\040\000p\000e\000r\000-\000l\000e\000v\000e\000l\000\040\000t\000i\000m\000e\000-\000s\000t\000e\000p\000\040\000s\000c\000a\000l\000i\000n\000g}{section.5}% 14
\BOOKMARK [2][-]{subsection.5.3}{\376\377\000V\000a\000l\000i\000d\000a\000t\000i\000o\000n\000\040\000o\000f\000\040\000t\000h\000e\000\040\000g\000e\000n\000e\000r\000i\000c\000\040\000r\000e\000c\000u\000r\000s\000i\000o\000n}{section.5}% 15
\BOOKMARK [2][-]{subsection.5.4}{\376\377\000R\000e\000s\000u\000l\000t\000s\000\040\000a\000t\000\040\000L\000=\0005\000\040\000\050\000N\000=\0002\000,\000\040\000k\000=\0003\000\051}{section.5}% 16
\BOOKMARK [1][-]{section.6}{\376\377\000F\000u\000r\000t\000h\000e\000r\000\040\000b\000u\000g\000s\000\040\000f\000o\000u\000n\000d\000\040\000a\000t\000\040\000L\000=\0003\000\040\000a\000n\000d\000\040\000b\000e\000y\000o\000n\000d}{}% 17
\BOOKMARK [2][-]{subsection.6.1}{\376\377\000T\000h\000e\000\040\000e\000r\000r\000o\000r\000\040\000r\000a\000t\000i\000o\000\040\000g\000r\000o\000w\000s\000\040\000w\000i\000t\000h\000\040\000L\000,\000\040\000i\000n\000d\000e\000p\000e\000n\000d\000e\000n\000t\000l\000y\000\040\000o\000f\000\040\000p\000g\000l\000o\000b\000a\000l}{section.6}% 18
\BOOKMARK [1][-]{section.7}{\376\377\000M\000a\000j\000o\000r\000\040\000s\000t\000r\000u\000c\000t\000u\000r\000a\000l\000\040\000f\000i\000x\000:\000\040\000e\000v\000e\000r\000y\000\040\000l\000e\000v\000e\000l\000\040\000g\000e\000t\000s\000\040\000g\000e\000n\000u\000i\000n\000e\000\040\000d\000y\000n\000a\000m\000i\000c\000s}{}% 19
\BOOKMARK [1][-]{section.8}{\376\377\000T\000h\000e\000\040\000r\000e\000s\000i\000d\000u\000a\000l\000\040\000e\000r\000r\000o\000r\000\040\000g\000r\000o\000w\000s\000\040\000w\000i\000t\000h\000\040\000L\000,\000\040\000n\000o\000t\000\040\000w\000i\000t\000h\000\040\000p\000g\000l\000o\000b\000a\000l}{}% 20
\BOOKMARK [1][-]{section.9}{\376\377\000R\000e\000-\000r\000e\000a\000d\000i\000n\000g\000\040\000t\000h\000e\000\040\000D\000i\000a\000z\040\023\000G\000r\000o\000t\000e\000\040\000p\000a\000p\000e\000r\000:\000\040\000t\000h\000e\000\040\000r\000o\000o\000t\000\040\000c\000a\000u\000s\000e}{}% 21
\BOOKMARK [1][-]{section.10}{\376\377\000R\000e\000s\000o\000l\000u\000t\000i\000o\000n\000:\000\040\000a\000\040\000f\000a\000i\000t\000h\000f\000u\000l\000\040\000r\000e\000w\000r\000i\000t\000e\000\040\000o\000n\000\040\000g\000l\000o\000b\000a\000l\000\040\000m\000a\000t\000r\000i\000c\000e\000s}{}% 22
\BOOKMARK [1][-]{section.11}{\376\377\000C\000u\000r\000r\000e\000n\000t\000\040\000s\000t\000a\000t\000u\000s\000\040\000a\000n\000d\000\040\000r\000e\000m\000a\000i\000n\000i\000n\000g\000\040\000w\000o\000r\000k}{}% 23
\BOOKMARK [1][-]{section.12}{\376\377\000R\000e\000s\000t\000r\000i\000c\000t\000e\000d\000-\000o\000p\000t\000i\000m\000i\000z\000a\000t\000i\000o\000n\000\040\000a\000t\000t\000e\000m\000p\000t\000s\000:\000\040\000t\000h\000r\000e\000e\000\040\000a\000v\000e\000n\000u\000e\000s\000\040\000e\000x\000p\000l\000o\000r\000e\000d\000\040\000a\000n\000d\000\040\000r\000u\000l\000e\000d\000\040\000o\000u\000t}{}% 24
\BOOKMARK [1][-]{section.13}{\376\377\000C\000o\000n\000v\000e\000r\000g\000e\000n\000c\000e\000\040\000r\000e\000s\000u\000l\000t\000s\000\040\000o\000b\000t\000a\000i\000n\000e\000d\000\040\000w\000i\000t\000h\000\040\000t\000h\000e\000\040\000e\000x\000a\000c\000t\000\040\000g\000l\000o\000b\000a\000l\000\040\000v\000e\000r\000s\000i\000o\000n}{}% 25
\BOOKMARK [1][-]{section.14}{\376\377\000S\000u\000m\000m\000a\000r\000y\000\040\000a\000n\000d\000\040\000r\000e\000m\000a\000i\000n\000i\000n\000g\000\040\000w\000o\000r\000k}{}% 26
\BOOKMARK [1][-]{section.15}{\376\377\000C\000F\000L\000\040\000r\000e\000c\000a\000l\000i\000b\000r\000a\000t\000i\000o\000n\000:\000\040\000a\000\040\000c\000o\000n\000f\000i\000r\000m\000e\000d\000,\000\040\000i\000n\000d\000e\000p\000e\000n\000d\000e\000n\000t\000\040\000p\000e\000r\000f\000o\000r\000m\000a\000n\000c\000e\000\040\000w\000i\000n}{}% 27
\BOOKMARK [1][-]{section.16}{\376\377\000F\000o\000u\000r\000\040\000f\000u\000r\000t\000h\000e\000r\000\040\000a\000l\000g\000o\000r\000i\000t\000h\000m\000i\000c\000\040\000o\000p\000t\000i\000m\000i\000z\000a\000t\000i\000o\000n\000\040\000a\000t\000t\000e\000m\000p\000t\000s}{}% 28
\BOOKMARK [1][-]{section.17}{\376\377\000P\000a\000r\000a\000l\000l\000e\000l\000i\000z\000a\000t\000i\000o\000n\000:\000\040\000w\000h\000y\000\040\000i\000t\000\040\000d\000o\000e\000s\000\040\000n\000o\000t\000\040\000h\000e\000l\000p\000\040\000h\000e\000r\000e}{}% 29
\BOOKMARK [1][-]{section.18}{\376\377\000F\000i\000n\000a\000l\000\040\000s\000e\000s\000s\000i\000o\000n\000\040\000s\000t\000a\000t\000u\000s}{}% 30
\BOOKMARK [1][-]{section.19}{\376\377\000D\000o\000e\000s\000\040\000m\000u\000l\000t\000i\000-\000l\000e\000v\000e\000l\000\040\000a\000c\000t\000u\000a\000l\000l\000y\000\040\000r\000e\000d\000u\000c\000e\000\040\000c\000o\000s\000t\000?\000\040\000A\000\040\000d\000i\000r\000e\000c\000t\000\040\000c\000h\000e\000c\000k}{}% 31
\BOOKMARK [1][-]{section.20}{\376\377\000F\000i\000n\000e\000-\000g\000r\000a\000i\000n\000e\000d\000\040\000d\000i\000a\000g\000n\000o\000s\000t\000i\000c\000:\000\040\000w\000h\000e\000r\000e\000\040\000a\000n\000d\000\040\000h\000o\000w\000\040\000t\000h\000e\000\040\000r\000e\000s\000t\000r\000i\000c\000t\000e\000d\000/\000e\000x\000a\000c\000t\000\040\000g\000a\000p\000\040\000g\000r\000o\000w\000s}{}% 32
\BOOKMARK [1][-]{section.21}{\376\377\000A\000l\000l\000\040\000a\000t\000t\000e\000m\000p\000t\000s\000,\000\040\000a\000t\000\040\000a\000\040\000g\000l\000a\000n\000c\000e}{}% 33
\BOOKMARK [1][-]{section.22}{\376\377\000F\000i\000n\000a\000l\000\040\000u\000p\000d\000a\000t\000e\000:\000\040\000t\000h\000e\000\040\000o\000r\000d\000e\000r\000i\000n\000g\000\040\000b\000u\000g\000\040\000f\000o\000u\000n\000d\000,\000\040\000a\000\040\000r\000e\000s\000i\000d\000u\000a\000l\000\040\000p\000e\000r\000s\000i\000s\000t\000s}{}% 34
\BOOKMARK [1][-]{section.23}{\376\377\000N\000e\000w\000\040\000s\000e\000s\000s\000i\000o\000n\000:\000\040\000r\000e\000g\000r\000e\000s\000s\000i\000o\000n\000\040\000b\000u\000g\000\040\000f\000o\000u\000n\000d\000\040\000b\000y\000\040\000c\000r\000o\000s\000s\000-\000f\000i\000l\000e\000\040\000c\000o\000m\000p\000a\000r\000i\000s\000o\000n\000,\000\040\000s\000t\000a\000b\000l\000e\000\040\000f\000i\000x\000\040\000f\000o\000u\000n\000d}{}% 35
\BOOKMARK [2][-]{subsection.23.1}{\376\377\000D\000i\000a\000g\000n\000o\000s\000i\000s\000:\000\040\000a\000\040\000r\000e\000g\000r\000e\000s\000s\000i\000o\000n\000\040\000f\000o\000u\000n\000d\000\040\000b\000y\000\040\000g\000r\000e\000p\000,\000\040\000n\000o\000t\000\040\000b\000y\000\040\000r\000e\000a\000s\000o\000n\000i\000n\000g\000\040\000a\000l\000o\000n\000e}{section.23}% 36
\BOOKMARK [2][-]{subsection.23.2}{\376\377\000F\000i\000r\000s\000t\000\040\000f\000i\000x\000\040\000a\000t\000t\000e\000m\000p\000t\000\040\000\050\000n\000a\000i\000v\000e\000\040\000a\000d\000d\000i\000t\000i\000o\000n\000\051\000:\000\040\000r\000e\000j\000e\000c\000t\000e\000d\000,\000\040\000c\000a\000u\000s\000e\000s\000\040\000a\000\040\000b\000l\000o\000w\000-\000u\000p}{section.23}% 37
\BOOKMARK [2][-]{subsection.23.3}{\376\377\000F\000i\000x\000\040\000a\000d\000o\000p\000t\000e\000d\000:\000\040\000c\000r\000o\000s\000s\000\040\000t\000e\000r\000m\000s\000\040\000v\000i\000a\000\040\000a\000n\000c\000e\000s\000t\000o\000r\000\137\000w\000,\000\040\000n\000o\000\040\000s\000e\000p\000a\000r\000a\000t\000e\000\040\000a\000d\000d\000i\000t\000i\000o\000n}{section.23}% 38
\BOOKMARK [2][-]{subsection.23.4}{\376\377\000P\000e\000r\000f\000o\000r\000m\000a\000n\000c\000e\000:\000\040\000C\000F\000L\000\040\000d\000e\000f\000a\000u\000l\000t\000\040\000h\000a\000r\000d\000-\000c\000o\000d\000e\000d}{section.23}% 39
